// Jest Snapshot v1, https://goo.gl/fbAQLP

exports[`SettingsScreen should match snapshot 1`] = `
<RNCSafeAreaView
  edges={
    [
      "top",
      "left",
      "right",
    ]
  }
  style={
    {
      "flex": 1,
    }
  }
>
  <View
    style={
      [
        {
          "backgroundColor": "rgba(255, 251, 254, 1)",
        },
        {
          "alignItems": "center",
          "flex": 1,
          "justifyContent": "center",
          "paddingHorizontal": 15,
        },
      ]
    }
  >
    <Text
      style={
        [
          {
            "color": "rgba(28, 27, 31, 1)",
            "fontFamily": "System",
            "fontSize": 36,
            "fontWeight": "400",
            "letterSpacing": 0,
            "lineHeight": 44,
          },
          {
            "textAlign": "left",
          },
          {
            "writingDirection": "ltr",
          },
          {
            "marginBottom": 20,
          },
        ]
      }
    >
      Settings Screen
    </Text>
    <Text
      style={
        [
          {
            "color": "rgba(28, 27, 31, 1)",
            "fontFamily": "System",
            "fontSize": 11,
            "fontWeight": "500",
            "letterSpacing": 0.5,
            "lineHeight": 16,
          },
          {
            "textAlign": "left",
          },
          {
            "writingDirection": "ltr",
          },
          undefined,
        ]
      }
    >
      Logged in as undefined
    </Text>
    <View
      collapsable={false}
      style={
        {
          "alignSelf": undefined,
          "bottom": undefined,
          "end": undefined,
          "left": undefined,
          "position": undefined,
          "right": undefined,
          "shadowColor": "#000",
          "shadowOffset": {
            "height": 0,
            "width": 0,
          },
          "shadowOpacity": 0,
          "shadowRadius": 0,
          "start": undefined,
          "top": undefined,
        }
      }
    >
      <View
        collapsable={false}
        style={
          {
            "shadowColor": "#000",
            "shadowOffset": {
              "height": 0,
              "width": 0,
            },
            "shadowOpacity": 0,
            "shadowRadius": 0,
          }
        }
      >
        <View
          collapsable={false}
          style={
            {
              "backgroundColor": "rgba(103, 80, 164, 1)",
              "borderColor": "transparent",
              "borderRadius": 20,
              "borderStyle": "solid",
              "borderWidth": 0,
              "marginTop": 20,
              "minWidth": 64,
            }
          }
        >
          <View
            accessibilityRole="button"
            accessibilityState={
              {
                "disabled": false,
              }
            }
            accessible={true}
            collapsable={false}
            focusable={true}
            onBlur={[Function]}
            onClick={[Function]}
            onFocus={[Function]}
            onResponderGrant={[Function]}
            onResponderMove={[Function]}
            onResponderRelease={[Function]}
            onResponderTerminate={[Function]}
            onResponderTerminationRequest={[Function]}
            onStartShouldSetResponder={[Function]}
            style={
              [
                {
                  "overflow": "hidden",
                },
                false,
                {
                  "borderRadius": 20,
                },
              ]
            }
            testID="button"
          >
            <View
              style={
                [
                  {
                    "alignItems": "center",
                    "flexDirection": "row",
                    "justifyContent": "center",
                  },
                  undefined,
                ]
              }
            >
              <Text
                numberOfLines={1}
                selectable={false}
                style={
                  [
                    {
                      "color": "rgba(28, 27, 31, 1)",
                      "fontFamily": "System",
                      "fontSize": 14,
                      "fontWeight": "500",
                      "letterSpacing": 0.1,
                      "lineHeight": 20,
                    },
                    {
                      "textAlign": "left",
                    },
                    {
                      "writingDirection": "ltr",
                    },
                    [
                      {
                        "marginHorizontal": 16,
                        "marginVertical": 9,
                        "textAlign": "center",
                      },
                      false,
                      {
                        "marginHorizontal": 24,
                        "marginVertical": 10,
                      },
                      undefined,
                      false,
                      {
                        "color": "rgba(255, 255, 255, 1)",
                        "fontFamily": "System",
                        "fontSize": 14,
                        "fontWeight": "500",
                        "letterSpacing": 0.1,
                        "lineHeight": 20,
                      },
                      undefined,
                    ],
                  ]
                }
              >
                Log Out
              </Text>
            </View>
          </View>
        </View>
      </View>
    </View>
    <View
      collapsable={false}
      style={
        {
          "alignSelf": undefined,
          "bottom": undefined,
          "end": undefined,
          "left": undefined,
          "position": undefined,
          "right": undefined,
          "shadowColor": "#000",
          "shadowOffset": {
            "height": 0,
            "width": 0,
          },
          "shadowOpacity": 0,
          "shadowRadius": 0,
          "start": undefined,
          "top": undefined,
        }
      }
    >
      <View
        collapsable={false}
        style={
          {
            "shadowColor": "#000",
            "shadowOffset": {
              "height": 0,
              "width": 0,
            },
            "shadowOpacity": 0,
            "shadowRadius": 0,
          }
        }
      >
        <View
          collapsable={false}
          style={
            {
              "backgroundColor": "transparent",
              "borderColor": "transparent",
              "borderRadius": 20,
              "borderStyle": "solid",
              "borderWidth": 0,
              "minWidth": 64,
            }
          }
        >
          <View
            accessibilityRole="button"
            accessibilityState={
              {
                "disabled": false,
              }
            }
            accessible={true}
            collapsable={false}
            focusable={true}
            onBlur={[Function]}
            onClick={[Function]}
            onFocus={[Function]}
            onResponderGrant={[Function]}
            onResponderMove={[Function]}
            onResponderRelease={[Function]}
            onResponderTerminate={[Function]}
            onResponderTerminationRequest={[Function]}
            onStartShouldSetResponder={[Function]}
            style={
              [
                {
                  "overflow": "hidden",
                },
                false,
                {
                  "borderRadius": 20,
                },
              ]
            }
            testID="button"
          >
            <View
              style={
                [
                  {
                    "alignItems": "center",
                    "flexDirection": "row",
                    "justifyContent": "center",
                  },
                  undefined,
                ]
              }
            >
              <Text
                numberOfLines={1}
                selectable={false}
                style={
                  [
                    {
                      "color": "rgba(28, 27, 31, 1)",
                      "fontFamily": "System",
                      "fontSize": 14,
                      "fontWeight": "500",
                      "letterSpacing": 0.1,
                      "lineHeight": 20,
                    },
                    {
                      "textAlign": "left",
                    },
                    {
                      "writingDirection": "ltr",
                    },
                    [
                      {
                        "marginHorizontal": 16,
                        "marginVertical": 9,
                        "textAlign": "center",
                      },
                      false,
                      {
                        "marginHorizontal": 12,
                      },
                      undefined,
                      false,
                      {
                        "color": "rgba(103, 80, 164, 1)",
                        "fontFamily": "System",
                        "fontSize": 14,
                        "fontWeight": "500",
                        "letterSpacing": 0.1,
                        "lineHeight": 20,
                      },
                      undefined,
                    ],
                  ]
                }
              >
                Test Axios Health
              </Text>
            </View>
          </View>
        </View>
      </View>
    </View>
  </View>
</RNCSafeAreaView>
`;
